e: file:///D:/Documents/Coding/vippatti_sarana/app/src/main/java/com/example/MainActivity.kt:87:31 Unresolved reference 'ProfileScreen'.
e: file:///D:/Documents/Coding/vippatti_sarana/app/src/main/java/com/example/MainActivity.kt:611:32 Unresolved reference 'ProfileScreen'.
e: file:///D:/Documents/Coding/vippatti_sarana/app/src/main/java/com/example/MainActivity.kt:616:55 Unresolved reference 'it'.
e: file:///D:/Documents/Coding/vippatti_sarana/app/src/main/java/com/example/MainActivity.kt:617:57 Unresolved reference 'it'.
e: file:///D:/Documents/Coding/vippatti_sarana/app/src/main/java/com/example/MainActivity.kt:618:53 Unresolved reference 'it'.
e: file:///D:/Documents/Coding/vippatti_sarana/app/src/main/java/com/example/ui/screens/ProfileScreen.kt:1:1 Syntax error: Expecting a top level declaration.
e: file:///D:/Documents/Coding/vippatti_sarana/app/src/main/java/com/example/ui/screens/ProfileScreen.kt:1:2 Syntax error: Expecting a top level declaration.
e: file:///D:/Documents/Coding/vippatti_sarana/app/src/main/java/com/example/ui/screens/ProfileScreen.kt:1:10 Syntax error: Expecting a top level declaration.
e: file:///D:/Documents/Coding/vippatti_sarana/app/src/main/java/com/example/ui/screens/ProfileScreen.kt:1:13 Syntax error: Expecting a top level declaration.
e: file:///D:/Documents/Coding/vippatti_sarana/app/src/main/java/com/example/ui/screens/ProfileScreen.kt:1:14 Syntax error: Expecting a top level declaration.
e: file:///D:/Documents/Coding/vippatti_sarana/app/src/main/java/com/example/ui/screens/ProfileScreen.kt:1:21 Syntax error: Expecting a top level declaration.
e: file:///D:/Documents/Coding/vippatti_sarana/app/src/main/java/com/example/ui/screens/ProfileScreen.kt:1:22 Syntax error: Expecting a top level declaration.
e: file:///D:/Documents/Coding/vippatti_sarana/app/src/main/java/com/example/ui/screens/ProfileScreen.kt:1:24 Syntax error: Expecting a top level declaration.
e: file:///D:/Documents/Coding/vippatti_sarana/app/src/main/java/com/example/ui/screens/ProfileScreen.kt:1:25 Syntax error: Expecting a top level declaration.
e: file:///D:/Documents/Coding/vippatti_sarana/app/src/main/java/com/example/ui/screens/ProfileScreen.kt:1:32 Syntax error: imports are only allowed in the beginning of file.

FAILURE: Build failed with an exception.

* What went wrong:
Execution failed for task ':app:compileDebugKotlin'.
> A failure occurred while executing org.jetbrains.kotlin.compilerRunner.GradleCompilerRunnerWithWorkers$GradleKotlinCompilerWorkAction
   > Compilation error. See log for more details

* Try:
> Run with --stacktrace option to get the stack trace.
> Run with --info or --debug option to get more log output.
> Run with --scan to get full insights from a Build Scan (powered by Develocity).
> Get more help at https://help.gradle.org.

BUILD FAILED in 1m 54s
