WARNING: A restricted method in java.lang.System has been called
WARNING: java.lang.System::load has been called by org.robolectric.nativeruntime.DefaultNativeRuntimeLoader in an unnamed module
WARNING: Use --enable-native-access=ALL-UNNAMED to avoid a warning for callers in this module
WARNING: Restricted methods will be blocked in a future release unless native access is enabled

WARNING: A restricted method in java.lang.System has been called
WARNING: java.lang.System::load has been called by org.robolectric.nativeruntime.DefaultNativeRuntimeLoader in an unnamed module
WARNING: Use --enable-native-access=ALL-UNNAMED to avoid a warning for callers in this module
WARNING: Restricted methods will be blocked in a future release unless native access is enabled

WARNING: A restricted method in java.lang.System has been called
WARNING: java.lang.System::load has been called by org.robolectric.nativeruntime.DefaultNativeRuntimeLoader in an unnamed module
WARNING: Use --enable-native-access=ALL-UNNAMED to avoid a warning for callers in this module
WARNING: Restricted methods will be blocked in a future release unless native access is enabled

WARNING: A restricted method in java.lang.System has been called
WARNING: java.lang.System::load has been called by org.robolectric.nativeruntime.DefaultNativeRuntimeLoader in an unnamed module
WARNING: Use --enable-native-access=ALL-UNNAMED to avoid a warning for callers in this module
WARNING: Restricted methods will be blocked in a future release unless native access is enabled

WARNING: A restricted method in java.lang.System has been called
WARNING: java.lang.System::load has been called by org.robolectric.nativeruntime.DefaultNativeRuntimeLoader in an unnamed module
WARNING: Use --enable-native-access=ALL-UNNAMED to avoid a warning for callers in this module
WARNING: Restricted methods will be blocked in a future release unless native access is enabled

WARNING: A restricted method in java.lang.System has been called
WARNING: java.lang.System::load has been called by org.robolectric.nativeruntime.DefaultNativeRuntimeLoader in an unnamed module
WARNING: Use --enable-native-access=ALL-UNNAMED to avoid a warning for callers in this module
WARNING: Restricted methods will be blocked in a future release unless native access is enabled

WARNING: A restricted method in java.lang.System has been called
WARNING: java.lang.System::load has been called by org.robolectric.nativeruntime.DefaultNativeRuntimeLoader in an unnamed module
WARNING: Use --enable-native-access=ALL-UNNAMED to avoid a warning for callers in this module
WARNING: Restricted methods will be blocked in a future release unless native access is enabled

WARNING: A restricted method in java.lang.System has been called
WARNING: java.lang.System::load has been called by org.robolectric.nativeruntime.DefaultNativeRuntimeLoader in an unnamed module
WARNING: Use --enable-native-access=ALL-UNNAMED to avoid a warning for callers in this module
WARNING: Restricted methods will be blocked in a future release unless native access is enabled

WARNING: A restricted method in java.lang.System has been called
WARNING: java.lang.System::load has been called by org.robolectric.nativeruntime.DefaultNativeRuntimeLoader in an unnamed module
WARNING: Use --enable-native-access=ALL-UNNAMED to avoid a warning for callers in this module
WARNING: Restricted methods will be blocked in a future release unless native access is enabled

WARNING: A restricted method in java.lang.System has been called
WARNING: java.lang.System::load has been called by org.robolectric.nativeruntime.DefaultNativeRuntimeLoader in an unnamed module
WARNING: Use --enable-native-access=ALL-UNNAMED to avoid a warning for callers in this module
WARNING: Restricted methods will be blocked in a future release unless native access is enabled

WARNING: A restricted method in java.lang.System has been called
WARNING: java.lang.System::load has been called by org.robolectric.nativeruntime.DefaultNativeRuntimeLoader in an unnamed module
WARNING: Use --enable-native-access=ALL-UNNAMED to avoid a warning for callers in this module
WARNING: Restricted methods will be blocked in a future release unless native access is enabled

WARNING: A restricted method in java.lang.System has been called
WARNING: java.lang.System::load has been called by org.robolectric.nativeruntime.DefaultNativeRuntimeLoader in an unnamed module
WARNING: Use --enable-native-access=ALL-UNNAMED to avoid a warning for callers in this module
WARNING: Restricted methods will be blocked in a future release unless native access is enabled

WARNING: A restricted method in java.lang.System has been called
WARNING: java.lang.System::load has been called by org.robolectric.nativeruntime.DefaultNativeRuntimeLoader in an unnamed module
WARNING: Use --enable-native-access=ALL-UNNAMED to avoid a warning for callers in this module
WARNING: Restricted methods will be blocked in a future release unless native access is enabled

WARNING: A restricted method in java.lang.System has been called
WARNING: java.lang.System::load has been called by org.robolectric.nativeruntime.DefaultNativeRuntimeLoader in an unnamed module
WARNING: Use --enable-native-access=ALL-UNNAMED to avoid a warning for callers in this module
WARNING: Restricted methods will be blocked in a future release unless native access is enabled

WARNING: A restricted method in java.lang.System has been called
WARNING: java.lang.System::load has been called by org.robolectric.nativeruntime.DefaultNativeRuntimeLoader in an unnamed module
WARNING: Use --enable-native-access=ALL-UNNAMED to avoid a warning for callers in this module
WARNING: Restricted methods will be blocked in a future release unless native access is enabled

WARNING: A restricted method in java.lang.System has been called
WARNING: java.lang.System::load has been called by org.robolectric.nativeruntime.DefaultNativeRuntimeLoader in an unnamed module
WARNING: Use --enable-native-access=ALL-UNNAMED to avoid a warning for callers in this module
WARNING: Restricted methods will be blocked in a future release unless native access is enabled

WARNING: A restricted method in java.lang.System has been called
WARNING: java.lang.System::load has been called by org.robolectric.nativeruntime.DefaultNativeRuntimeLoader in an unnamed module
WARNING: Use --enable-native-access=ALL-UNNAMED to avoid a warning for callers in this module
WARNING: Restricted methods will be blocked in a future release unless native access is enabled

WARNING: A restricted method in java.lang.System has been called
WARNING: java.lang.System::load has been called by org.robolectric.nativeruntime.DefaultNativeRuntimeLoader in an unnamed module
WARNING: Use --enable-native-access=ALL-UNNAMED to avoid a warning for callers in this module
WARNING: Restricted methods will be blocked in a future release unless native access is enabled

WARNING: A restricted method in java.lang.System has been called
WARNING: java.lang.System::load has been called by org.robolectric.nativeruntime.DefaultNativeRuntimeLoader in an unnamed module
WARNING: Use --enable-native-access=ALL-UNNAMED to avoid a warning for callers in this module
WARNING: Restricted methods will be blocked in a future release unless native access is enabled


535 tests completed, 5 failed

FAILURE: Build failed with an exception.

* What went wrong:
Execution failed for task ':app:testDebugUnitTest'.
> There were failing tests. See the report at: file:///D:/Documents/Coding/vippatti_sarana/app/build/reports/tests/testDebugUnitTest/index.html

* Try:
> Run with --scan to get full insights from a Build Scan (powered by Develocity).

BUILD FAILED in 1h 32m 18s
